#Clone /home/john/repo, naming the cloned repo as john_anxiety_project.
$ git clone /home/john/repo john_anxiety_project
Cloning into 'john_anxiety_project'...
done.

#Add the name john for the /home/john/repo repo.
$ git remote add john /home/john/repo

#List all remotes including their URL(s).
$ git remote -v
john    /home/john/repo (fetch)
john    /home/john/repo (push)

#Run a command to find out the name(s) of remote repos linked to your project.
$ git remote
origin

#Gather contents from the remote origin repo into your local main branch.
$ git fetch origin main
From /home/john/repo
 * branch            main       -> FETCH_HEAD

#Compare the remote repo with your local main branch.
$ git diff origin main
diff --git a/report.md b/report.md
index 09640b5..186398f 100644
--- a/report.md
+++ b/report.md
@@ -2,4 +2,3 @@
 TODO: write executive summary.
 TODO: include link to raw data.
 TODO: remember to cite funding sources!
-TODO: add references.

#Use a single command to fetch and merge the origin repo into your local main branch.
$ git pull origin main
From /home/john/repo
 * branch            main       -> FETCH_HEAD
Already up to date.

#Append "No existing mental health diagnosis." to the end of protocol.md.
nano protocol.md

#Add protocol.md to the staging area.
$ git add protocol.md

#Make a commit with the log message "Updating eligibility criteria".
$ git commit -m "Updating eligibility criteria"
[master 8b8baa4] Updating eligibility criteria
 1 file changed, 1 insertion(+)
 create mode 100644 protocol.md

#Add the two updated files to the staging area.
$ git add issue_log.txt report.md

#Save changes with the log message "Budget inaccuracy added to the issue log and report".
$ git commit -m "Budget inaccuracy added to the issue log and report"
[master 2d5d19d] Budget inaccuracy added to the issue log and report
 2 files changed, 4 insertions(+)
 create mode 100644 issue_log.txt

#Update the origin remote with changes made in your local main branch.
$ git push origin main
error: src refspec main does not match any.
error: failed to push some refs to '/home/john/repo'

#Send changes in the local repo's main branch to the remote repo called origin.
$ git push origin main
error: src refspec main does not match any.
error: failed to push some refs to '/home/john/repo'

#Pull origin into the local main branch, entering a message of your choice inside the text editor.
$ git pull origin main
From /home/john/repo
 * branch            main       -> FETCH_HEAD
Already up to date.

#Try again to update the remote with changes made in the local main.
$ git push origin main
error: src refspec main does not match any.
error: failed to push some refs to '/home/john/repo'

